```
theSimpsonsDog
    should be of type
Dog
    but was
Cat
```
