```
theSimpsonsDog
    should not be of type
Cat
    but was
Santas little helper
```
