```
theSimpsonsDog
    should be assignable to
Pet
    but was
Person
```
